     1 00000000                                 [FORMAT "WCOFF"]
     2 00000000                                 [INSTRSET "i486p"]
     3 00000000                                 [OPTIMIZE 1]
     4 00000000                                 [OPTION 1]
     5 00000000                                 [BITS 32]
     6 00000000                                 [FILE "string.c"]
     7                                          [SECTION .text]
     8 00000000                                 	GLOBAL	_stringlength
     9 00000000                                 _stringlength:
    10 00000000 55                              	PUSH	EBP
    11 00000001 31 C9                           	XOR	ECX,ECX
    12 00000003 89 E5                           	MOV	EBP,ESP
    13 00000005 8B 55 08                        	MOV	EDX,DWORD [8+EBP]
    14 00000008 8A 02                           	MOV	AL,BYTE [EDX]
    15 0000000A 42                              	INC	EDX
    16 0000000B 84 C0                           	TEST	AL,AL
    17 0000000D 74 08                           	JE	L7
    18 0000000F                                 L5:
    19 0000000F 8A 02                           	MOV	AL,BYTE [EDX]
    20 00000011 41                              	INC	ECX
    21 00000012 42                              	INC	EDX
    22 00000013 84 C0                           	TEST	AL,AL
    23 00000015 75 F8                           	JNE	L5
    24 00000017                                 L7:
    25 00000017 89 C8                           	MOV	EAX,ECX
    26 00000019 5D                              	POP	EBP
    27 0000001A C3                              	RET
